C:\Users\othma\Desktop\TeenTalk>flutter run
Connected devices:
Windows (desktop) • windows • windows-x64    • Microsoft Windows [Versione 10.0.26200.7171]
Edge (web)        • edge    • web-javascript • Microsoft Edge 142.0.3595.90
[1]: Windows (windows)
[2]: Edge (edge)
Please choose one (or "q" to quit): 2
Launching lib\main.dart on Edge in debug mode...
Warning: In index.html:40: Local variable for "serviceWorkerVersion" is deprecated. Use
"{{flutter_service_worker_version}}" template token instead. See
https://docs.flutter.dev/platform-integration/web/initialization for more details.
Warning: In index.html:49: "FlutterLoader.loadEntrypoint" is deprecated. Use "FlutterLoader.load" instead. See
https://docs.flutter.dev/platform-integration/web/initialization for more details.
lib/src/features/feed/presentation/widgets/post_card_widget.dart:361:20: Error: Can't find ')' to match '('.
          Semantics(
                   ^
lib/src/core/theme/design_tokens.dart:507:55: Error: Not a constant expression.
  static const Color lightBackground = AppColorTokens.light.background;
                                                      ^^^^^
lib/src/core/theme/design_tokens.dart:508:52: Error: Not a constant expression.
  static const Color lightSurface = AppColorTokens.light.surface;
                                                   ^^^^^
lib/src/core/theme/design_tokens.dart:509:59: Error: Not a constant expression.
  static const Color lightSurfaceVariant = AppColorTokens.light.surfaceVariant;
                                                          ^^^^^
lib/src/core/theme/design_tokens.dart:510:52: Error: Not a constant expression.
  static const Color lightOutline = AppColorTokens.light.outline;
                                                   ^^^^^
lib/src/core/theme/design_tokens.dart:511:54: Error: Not a constant expression.
  static const Color lightOnPrimary = AppColorTokens.light.onPrimary;
                                                     ^^^^^
lib/src/core/theme/design_tokens.dart:512:56: Error: Not a constant expression.
  static const Color lightOnSecondary = AppColorTokens.light.onSecondary;
                                                       ^^^^^
lib/src/core/theme/design_tokens.dart:513:57: Error: Not a constant expression.
  static const Color lightOnBackground = AppColorTokens.light.onBackground;
                                                        ^^^^^
lib/src/core/theme/design_tokens.dart:514:54: Error: Not a constant expression.
  static const Color lightOnSurface = AppColorTokens.light.onSurface;
                                                     ^^^^^
lib/src/core/theme/design_tokens.dart:515:61: Error: Not a constant expression.
  static const Color lightOnSurfaceVariant = AppColorTokens.light.onSurfaceVariant;
                                                            ^^^^^
lib/src/core/theme/design_tokens.dart:517:54: Error: Not a constant expression.
  static const Color darkBackground = AppColorTokens.dark.background;
                                                     ^^^^
lib/src/core/theme/design_tokens.dart:518:51: Error: Not a constant expression.
  static const Color darkSurface = AppColorTokens.dark.surface;
                                                  ^^^^
lib/src/core/theme/design_tokens.dart:519:58: Error: Not a constant expression.
  static const Color darkSurfaceVariant = AppColorTokens.dark.surfaceVariant;
                                                         ^^^^
lib/src/core/theme/design_tokens.dart:520:51: Error: Not a constant expression.
  static const Color darkOutline = AppColorTokens.dark.outline;
                                                  ^^^^
lib/src/core/theme/design_tokens.dart:521:53: Error: Not a constant expression.
  static const Color darkOnPrimary = AppColorTokens.dark.onPrimary;
                                                    ^^^^
lib/src/core/theme/design_tokens.dart:522:55: Error: Not a constant expression.
  static const Color darkOnSecondary = AppColorTokens.dark.onSecondary;
                                                      ^^^^
lib/src/core/theme/design_tokens.dart:523:56: Error: Not a constant expression.
  static const Color darkOnBackground = AppColorTokens.dark.onBackground;
                                                       ^^^^
lib/src/core/theme/design_tokens.dart:524:53: Error: Not a constant expression.
  static const Color darkOnSurface = AppColorTokens.dark.onSurface;
                                                    ^^^^
lib/src/core/theme/design_tokens.dart:525:60: Error: Not a constant expression.
  static const Color darkOnSurfaceVariant = AppColorTokens.dark.onSurfaceVariant;
                                                           ^^^^
lib/src/core/theme/app_theme.dart:96:33: Error: Too many positional arguments: 0 allowed, but 1 found.
Try removing the extra positional arguments.
          borderSide: BorderSide(colorScheme.primary, width: 2),
                                ^
../flutter/packages/flutter/lib/src/painting/borders.dart:69:9: Context: Found this candidate, but the arguments don't
match.
  const BorderSide({
        ^^^^^^^^^^
lib/src/core/theme/app_theme.dart:58:18: Error: The argument type 'CardTheme' can't be assigned to the parameter type
'CardThemeData?'.
 - 'CardTheme' is from 'package:flutter/src/material/card_theme.dart'
 ('../flutter/packages/flutter/lib/src/material/card_theme.dart').
 - 'CardThemeData' is from 'package:flutter/src/material/card_theme.dart'
 ('../flutter/packages/flutter/lib/src/material/card_theme.dart').
      cardTheme: CardTheme(
                 ^
lib/src/core/theme/app_theme.dart:235:20: Error: The argument type 'DialogTheme' can't be assigned to the parameter type
'DialogThemeData?'.
 - 'DialogTheme' is from 'package:flutter/src/material/dialog_theme.dart'
 ('../flutter/packages/flutter/lib/src/material/dialog_theme.dart').
 - 'DialogThemeData' is from 'package:flutter/src/material/dialog_theme.dart'
 ('../flutter/packages/flutter/lib/src/material/dialog_theme.dart').
      dialogTheme: DialogTheme(
                   ^
lib/src/features/feed/presentation/widgets/post_card_widget.dart:427:21: Error: Expected an identifier, but got ')'.
Try inserting an identifier before ')'.
                    ),
                    ^
lib/src/features/feed/presentation/widgets/post_card_widget.dart:427:21: Error: Expected ']' before this.
                    ),
                    ^
lib/src/features/feed/presentation/widgets/post_card_widget.dart:361:20: Error: Too many positional arguments: 0
allowed, but 4 found.
Try removing the extra positional arguments.
          Semantics(
                   ^
../flutter/packages/flutter/lib/src/widgets/basic.dart:7874:3: Context: Found this candidate, but the arguments don't
match.
  Semantics({
  ^^^^^^^^^
lib/src/core/theme/design_tokens.dart:511:60: Error: Constant evaluation error:
  static const Color lightOnPrimary = AppColorTokens.light.onPrimary;
                                                           ^
lib/src/core/theme/design_tokens.dart:511:60: Context: The property 'onPrimary' can't be accessed on 'AppColorTokens
{brightness: Brightness {}, primary: Color {a: 1.0, r: 0.0, g: 0.0, b: 0.0, colorSpace: ColorSpace {}}, onPrimary: Color
{a: 1.0, r: 1.0, g: 1.0, b: 1.0, colorSpace: ColorSpace {}}, primaryContainer: Color {a: 1.0, r: 0.2901960784313726, g:
0.2901960784313726, b: 0.2901960784313726, colorSpace: ColorSpace {}}, onPrimaryContainer: Color {a: 1.0, r:
0.10196078431372549, g: 0.10196078431372549, b: 0.10196078431372549, colorSpace: ColorSpace {}}, secondary: Color {a:
1.0, r: 1.0, g: 0.4196078431372549, b: 0.4196078431372549, colorSpace: ColorSpace {}}, onSecondary: Color {a: 1.0, r:
1.0, g: 1.0, b: 1.0, colorSpace: ColorSpace {}}, secondaryContainer: Color {a: 1.0, r: 1.0, g: 0.5411764705882353, b:
0.5019607843137255, colorSpace: ColorSpace {}}, onSecondaryContainer: Color {a: 1.0, r: 1.0, g: 0.3215686274509804, b:
0.3215686274509804, colorSpace: ColorSpace {}}, tertiary: Color {a: 1.0, r: 0.3058823529411765, g: 0.803921568627451, b:
0.7686274509803922, colorSpace: ColorSpace {}}, onTertiary: Color {a: 1.0, r: 1.0, g: 1.0, b: 1.0, colorSpace:
ColorSpace {}}, tertiaryContainer: Color {a: 1.0, r: 0.5019607843137255, g: 0.8705882352941177, b: 0.9176470588235294,
colorSpace: ColorSpace {}}, onTertiaryContainer: Color {a: 1.0, r: 0.27058823529411763, g: 0.7176470588235294, b:
0.6862745098039216, colorSpace: ColorSpace {}}, background: Color {a: 1.0, r: 0.9803921568627451, g: 0.9803921568627451,
b: 0.9803921568627451, colorSpace: ColorSpace {}}, onBackground: Color {a: 1.0, r: 0.10196078431372549, g:
0.10196078431372549, b: 0.10196078431372549, colorSpace: ColorSpace {}}, surface: Color {a: 1.0, r: 1.0, g: 1.0, b: 1.0,
colorSpace: ColorSpace {}}, onSurface: Color {a: 1.0, r: 0.10196078431372549, g: 0.10196078431372549, b:
0.10196078431372549, colorSpace: ColorSpace {}}, surfaceVariant: Color {a: 1.0, r: 0.9607843137254902, g:
0.9607843137254902, b: 0.9607843137254902, colorSpace: ColorSpace {}}, onSurfaceVariant: Color {a: 1.0, r:
0.4588235294117647, g: 0.4588235294117647, b: 0.4588235294117647, colorSpace: ColorSpace {}}, outline: Color {a: 1.0, r:
0.8784313725490196, g: 0.8784313725490196, b: 0.8784313725490196, colorSpace: ColorSpace {}}, shadowColor: Color {a:
1.0, r: 0.0, g: 0.0, b: 0.0, colorSpace: ColorSpace {}}}' in a constant expression.
 - 'AppColorTokens' is from 'package:teen_talk_app/src/core/theme/design_tokens.dart'
 ('lib/src/core/theme/design_tokens.dart').
 - 'Brightness' is from 'dart:ui'.
 - 'Color' is from 'dart:ui'.
 - 'ColorSpace' is from 'dart:ui'.
  static const Color lightOnPrimary = AppColorTokens.light.onPrimary;
                                                           ^
lib/src/core/theme/design_tokens.dart:511:22: Context: While analyzing:
  static const Color lightOnPrimary = AppColorTokens.light.onPrimary;
                     ^
lib/src/core/theme/design_tokens.dart:507:61: Error: Constant evaluation error:
  static const Color lightBackground = AppColorTokens.light.background;
                                                            ^
lib/src/core/theme/design_tokens.dart:507:61: Context: The property 'background' can't be accessed on 'AppColorTokens
{brightness: Brightness {}, primary: Color {a: 1.0, r: 0.0, g: 0.0, b: 0.0, colorSpace: ColorSpace {}}, onPrimary: Color
{a: 1.0, r: 1.0, g: 1.0, b: 1.0, colorSpace: ColorSpace {}}, primaryContainer: Color {a: 1.0, r: 0.2901960784313726, g:
0.2901960784313726, b: 0.2901960784313726, colorSpace: ColorSpace {}}, onPrimaryContainer: Color {a: 1.0, r:
0.10196078431372549, g: 0.10196078431372549, b: 0.10196078431372549, colorSpace: ColorSpace {}}, secondary: Color {a:
1.0, r: 1.0, g: 0.4196078431372549, b: 0.4196078431372549, colorSpace: ColorSpace {}}, onSecondary: Color {a: 1.0, r:
1.0, g: 1.0, b: 1.0, colorSpace: ColorSpace {}}, secondaryContainer: Color {a: 1.0, r: 1.0, g: 0.5411764705882353, b:
0.5019607843137255, colorSpace: ColorSpace {}}, onSecondaryContainer: Color {a: 1.0, r: 1.0, g: 0.3215686274509804, b:
0.3215686274509804, colorSpace: ColorSpace {}}, tertiary: Color {a: 1.0, r: 0.3058823529411765, g: 0.803921568627451, b:
0.7686274509803922, colorSpace: ColorSpace {}}, onTertiary: Color {a: 1.0, r: 1.0, g: 1.0, b: 1.0, colorSpace:
ColorSpace {}}, tertiaryContainer: Color {a: 1.0, r: 0.5019607843137255, g: 0.8705882352941177, b: 0.9176470588235294,
colorSpace: ColorSpace {}}, onTertiaryContainer: Color {a: 1.0, r: 0.27058823529411763, g: 0.7176470588235294, b:
0.6862745098039216, colorSpace: ColorSpace {}}, background: Color {a: 1.0, r: 0.9803921568627451, g: 0.9803921568627451,
b: 0.9803921568627451, colorSpace: ColorSpace {}}, onBackground: Color {a: 1.0, r: 0.10196078431372549, g:
0.10196078431372549, b: 0.10196078431372549, colorSpace: ColorSpace {}}, surface: Color {a: 1.0, r: 1.0, g: 1.0, b: 1.0,
colorSpace: ColorSpace {}}, onSurface: Color {a: 1.0, r: 0.10196078431372549, g: 0.10196078431372549, b:
0.10196078431372549, colorSpace: ColorSpace {}}, surfaceVariant: Color {a: 1.0, r: 0.9607843137254902, g:
0.9607843137254902, b: 0.9607843137254902, colorSpace: ColorSpace {}}, onSurfaceVariant: Color {a: 1.0, r:
0.4588235294117647, g: 0.4588235294117647, b: 0.4588235294117647, colorSpace: ColorSpace {}}, outline: Color {a: 1.0, r:
0.8784313725490196, g: 0.8784313725490196, b: 0.8784313725490196, colorSpace: ColorSpace {}}, shadowColor: Color {a:
1.0, r: 0.0, g: 0.0, b: 0.0, colorSpace: ColorSpace {}}}' in a constant expression.
 - 'AppColorTokens' is from 'package:teen_talk_app/src/core/theme/design_tokens.dart'
 ('lib/src/core/theme/design_tokens.dart').
 - 'Brightness' is from 'dart:ui'.
 - 'Color' is from 'dart:ui'.
 - 'ColorSpace' is from 'dart:ui'.
  static const Color lightBackground = AppColorTokens.light.background;
                                                            ^
lib/src/core/theme/design_tokens.dart:507:22: Context: While analyzing:
  static const Color lightBackground = AppColorTokens.light.background;
                     ^
lib/src/core/theme/design_tokens.dart:508:58: Error: Constant evaluation error:
  static const Color lightSurface = AppColorTokens.light.surface;
                                                         ^
lib/src/core/theme/design_tokens.dart:508:58: Context: The property 'surface' can't be accessed on 'AppColorTokens
{brightness: Brightness {}, primary: Color {a: 1.0, r: 0.0, g: 0.0, b: 0.0, colorSpace: ColorSpace {}}, onPrimary: Color
{a: 1.0, r: 1.0, g: 1.0, b: 1.0, colorSpace: ColorSpace {}}, primaryContainer: Color {a: 1.0, r: 0.2901960784313726, g:
0.2901960784313726, b: 0.2901960784313726, colorSpace: ColorSpace {}}, onPrimaryContainer: Color {a: 1.0, r:
0.10196078431372549, g: 0.10196078431372549, b: 0.10196078431372549, colorSpace: ColorSpace {}}, secondary: Color {a:
1.0, r: 1.0, g: 0.4196078431372549, b: 0.4196078431372549, colorSpace: ColorSpace {}}, onSecondary: Color {a: 1.0, r:
1.0, g: 1.0, b: 1.0, colorSpace: ColorSpace {}}, secondaryContainer: Color {a: 1.0, r: 1.0, g: 0.5411764705882353, b:
0.5019607843137255, colorSpace: ColorSpace {}}, onSecondaryContainer: Color {a: 1.0, r: 1.0, g: 0.3215686274509804, b:
0.3215686274509804, colorSpace: ColorSpace {}}, tertiary: Color {a: 1.0, r: 0.3058823529411765, g: 0.803921568627451, b:
0.7686274509803922, colorSpace: ColorSpace {}}, onTertiary: Color {a: 1.0, r: 1.0, g: 1.0, b: 1.0, colorSpace:
ColorSpace {}}, tertiaryContainer: Color {a: 1.0, r: 0.5019607843137255, g: 0.8705882352941177, b: 0.9176470588235294,
colorSpace: ColorSpace {}}, onTertiaryContainer: Color {a: 1.0, r: 0.27058823529411763, g: 0.7176470588235294, b:
0.6862745098039216, colorSpace: ColorSpace {}}, background: Color {a: 1.0, r: 0.9803921568627451, g: 0.9803921568627451,
b: 0.9803921568627451, colorSpace: ColorSpace {}}, onBackground: Color {a: 1.0, r: 0.10196078431372549, g:
0.10196078431372549, b: 0.10196078431372549, colorSpace: ColorSpace {}}, surface: Color {a: 1.0, r: 1.0, g: 1.0, b: 1.0,
colorSpace: ColorSpace {}}, onSurface: Color {a: 1.0, r: 0.10196078431372549, g: 0.10196078431372549, b:
0.10196078431372549, colorSpace: ColorSpace {}}, surfaceVariant: Color {a: 1.0, r: 0.9607843137254902, g:
0.9607843137254902, b: 0.9607843137254902, colorSpace: ColorSpace {}}, onSurfaceVariant: Color {a: 1.0, r:
0.4588235294117647, g: 0.4588235294117647, b: 0.4588235294117647, colorSpace: ColorSpace {}}, outline: Color {a: 1.0, r:
0.8784313725490196, g: 0.8784313725490196, b: 0.8784313725490196, colorSpace: ColorSpace {}}, shadowColor: Color {a:
1.0, r: 0.0, g: 0.0, b: 0.0, colorSpace: ColorSpace {}}}' in a constant expression.
 - 'AppColorTokens' is from 'package:teen_talk_app/src/core/theme/design_tokens.dart'
 ('lib/src/core/theme/design_tokens.dart').
 - 'Brightness' is from 'dart:ui'.
 - 'Color' is from 'dart:ui'.
 - 'ColorSpace' is from 'dart:ui'.
  static const Color lightSurface = AppColorTokens.light.surface;
                                                         ^
lib/src/core/theme/design_tokens.dart:508:22: Context: While analyzing:
  static const Color lightSurface = AppColorTokens.light.surface;
                     ^
lib/src/core/theme/design_tokens.dart:509:65: Error: Constant evaluation error:
  static const Color lightSurfaceVariant = AppColorTokens.light.surfaceVariant;
                                                                ^
lib/src/core/theme/design_tokens.dart:509:65: Context: The property 'surfaceVariant' can't be accessed on
'AppColorTokens {brightness: Brightness {}, primary: Color {a: 1.0, r: 0.0, g: 0.0, b: 0.0, colorSpace: ColorSpace {}},
onPrimary: Color {a: 1.0, r: 1.0, g: 1.0, b: 1.0, colorSpace: ColorSpace {}}, primaryContainer: Color {a: 1.0, r:
0.2901960784313726, g: 0.2901960784313726, b: 0.2901960784313726, colorSpace: ColorSpace {}}, onPrimaryContainer: Color
{a: 1.0, r: 0.10196078431372549, g: 0.10196078431372549, b: 0.10196078431372549, colorSpace: ColorSpace {}}, secondary:
Color {a: 1.0, r: 1.0, g: 0.4196078431372549, b: 0.4196078431372549, colorSpace: ColorSpace {}}, onSecondary: Color {a:
1.0, r: 1.0, g: 1.0, b: 1.0, colorSpace: ColorSpace {}}, secondaryContainer: Color {a: 1.0, r: 1.0, g:
0.5411764705882353, b: 0.5019607843137255, colorSpace: ColorSpace {}}, onSecondaryContainer: Color {a: 1.0, r: 1.0, g:
0.3215686274509804, b: 0.3215686274509804, colorSpace: ColorSpace {}}, tertiary: Color {a: 1.0, r: 0.3058823529411765,
g: 0.803921568627451, b: 0.7686274509803922, colorSpace: ColorSpace {}}, onTertiary: Color {a: 1.0, r: 1.0, g: 1.0, b:
1.0, colorSpace: ColorSpace {}}, tertiaryContainer: Color {a: 1.0, r: 0.5019607843137255, g: 0.8705882352941177, b:
0.9176470588235294, colorSpace: ColorSpace {}}, onTertiaryContainer: Color {a: 1.0, r: 0.27058823529411763, g:
0.7176470588235294, b: 0.6862745098039216, colorSpace: ColorSpace {}}, background: Color {a: 1.0, r: 0.9803921568627451,
g: 0.9803921568627451, b: 0.9803921568627451, colorSpace: ColorSpace {}}, onBackground: Color {a: 1.0, r:
0.10196078431372549, g: 0.10196078431372549, b: 0.10196078431372549, colorSpace: ColorSpace {}}, surface: Color {a: 1.0,
r: 1.0, g: 1.0, b: 1.0, colorSpace: ColorSpace {}}, onSurface: Color {a: 1.0, r: 0.10196078431372549, g:
0.10196078431372549, b: 0.10196078431372549, colorSpace: ColorSpace {}}, surfaceVariant: Color {a: 1.0, r:
0.9607843137254902, g: 0.9607843137254902, b: 0.9607843137254902, colorSpace: ColorSpace {}}, onSurfaceVariant: Color
{a: 1.0, r: 0.4588235294117647, g: 0.4588235294117647, b: 0.4588235294117647, colorSpace: ColorSpace {}}, outline: Color
{a: 1.0, r: 0.8784313725490196, g: 0.8784313725490196, b: 0.8784313725490196, colorSpace: ColorSpace {}}, shadowColor:
Color {a: 1.0, r: 0.0, g: 0.0, b: 0.0, colorSpace: ColorSpace {}}}' in a constant expression.
 - 'AppColorTokens' is from 'package:teen_talk_app/src/core/theme/design_tokens.dart'
 ('lib/src/core/theme/design_tokens.dart').
 - 'Brightness' is from 'dart:ui'.
 - 'Color' is from 'dart:ui'.
 - 'ColorSpace' is from 'dart:ui'.
  static const Color lightSurfaceVariant = AppColorTokens.light.surfaceVariant;
                                                                ^
lib/src/core/theme/design_tokens.dart:509:22: Context: While analyzing:
  static const Color lightSurfaceVariant = AppColorTokens.light.surfaceVariant;
                     ^
lib/src/core/theme/design_tokens.dart:510:58: Error: Constant evaluation error:
  static const Color lightOutline = AppColorTokens.light.outline;
                                                         ^
lib/src/core/theme/design_tokens.dart:510:58: Context: The property 'outline' can't be accessed on 'AppColorTokens
{brightness: Brightness {}, primary: Color {a: 1.0, r: 0.0, g: 0.0, b: 0.0, colorSpace: ColorSpace {}}, onPrimary: Color
{a: 1.0, r: 1.0, g: 1.0, b: 1.0, colorSpace: ColorSpace {}}, primaryContainer: Color {a: 1.0, r: 0.2901960784313726, g:
0.2901960784313726, b: 0.2901960784313726, colorSpace: ColorSpace {}}, onPrimaryContainer: Color {a: 1.0, r:
0.10196078431372549, g: 0.10196078431372549, b: 0.10196078431372549, colorSpace: ColorSpace {}}, secondary: Color {a:
1.0, r: 1.0, g: 0.4196078431372549, b: 0.4196078431372549, colorSpace: ColorSpace {}}, onSecondary: Color {a: 1.0, r:
1.0, g: 1.0, b: 1.0, colorSpace: ColorSpace {}}, secondaryContainer: Color {a: 1.0, r: 1.0, g: 0.5411764705882353, b:
0.5019607843137255, colorSpace: ColorSpace {}}, onSecondaryContainer: Color {a: 1.0, r: 1.0, g: 0.3215686274509804, b:
0.3215686274509804, colorSpace: ColorSpace {}}, tertiary: Color {a: 1.0, r: 0.3058823529411765, g: 0.803921568627451, b:
0.7686274509803922, colorSpace: ColorSpace {}}, onTertiary: Color {a: 1.0, r: 1.0, g: 1.0, b: 1.0, colorSpace:
ColorSpace {}}, tertiaryContainer: Color {a: 1.0, r: 0.5019607843137255, g: 0.8705882352941177, b: 0.9176470588235294,
colorSpace: ColorSpace {}}, onTertiaryContainer: Color {a: 1.0, r: 0.27058823529411763, g: 0.7176470588235294, b:
0.6862745098039216, colorSpace: ColorSpace {}}, background: Color {a: 1.0, r: 0.9803921568627451, g: 0.9803921568627451,
b: 0.9803921568627451, colorSpace: ColorSpace {}}, onBackground: Color {a: 1.0, r: 0.10196078431372549, g:
0.10196078431372549, b: 0.10196078431372549, colorSpace: ColorSpace {}}, surface: Color {a: 1.0, r: 1.0, g: 1.0, b: 1.0,
colorSpace: ColorSpace {}}, onSurface: Color {a: 1.0, r: 0.10196078431372549, g: 0.10196078431372549, b:
0.10196078431372549, colorSpace: ColorSpace {}}, surfaceVariant: Color {a: 1.0, r: 0.9607843137254902, g:
0.9607843137254902, b: 0.9607843137254902, colorSpace: ColorSpace {}}, onSurfaceVariant: Color {a: 1.0, r:
0.4588235294117647, g: 0.4588235294117647, b: 0.4588235294117647, colorSpace: ColorSpace {}}, outline: Color {a: 1.0, r:
0.8784313725490196, g: 0.8784313725490196, b: 0.8784313725490196, colorSpace: ColorSpace {}}, shadowColor: Color {a:
1.0, r: 0.0, g: 0.0, b: 0.0, colorSpace: ColorSpace {}}}' in a constant expression.
 - 'AppColorTokens' is from 'package:teen_talk_app/src/core/theme/design_tokens.dart'
 ('lib/src/core/theme/design_tokens.dart').
 - 'Brightness' is from 'dart:ui'.
 - 'Color' is from 'dart:ui'.
 - 'ColorSpace' is from 'dart:ui'.
  static const Color lightOutline = AppColorTokens.light.outline;
                                                         ^
lib/src/core/theme/design_tokens.dart:510:22: Context: While analyzing:
  static const Color lightOutline = AppColorTokens.light.outline;
                     ^
lib/src/core/theme/design_tokens.dart:512:62: Error: Constant evaluation error:
  static const Color lightOnSecondary = AppColorTokens.light.onSecondary;
                                                             ^
lib/src/core/theme/design_tokens.dart:512:62: Context: The property 'onSecondary' can't be accessed on 'AppColorTokens
{brightness: Brightness {}, primary: Color {a: 1.0, r: 0.0, g: 0.0, b: 0.0, colorSpace: ColorSpace {}}, onPrimary: Color
{a: 1.0, r: 1.0, g: 1.0, b: 1.0, colorSpace: ColorSpace {}}, primaryContainer: Color {a: 1.0, r: 0.2901960784313726, g:
0.2901960784313726, b: 0.2901960784313726, colorSpace: ColorSpace {}}, onPrimaryContainer: Color {a: 1.0, r:
0.10196078431372549, g: 0.10196078431372549, b: 0.10196078431372549, colorSpace: ColorSpace {}}, secondary: Color {a:
1.0, r: 1.0, g: 0.4196078431372549, b: 0.4196078431372549, colorSpace: ColorSpace {}}, onSecondary: Color {a: 1.0, r:
1.0, g: 1.0, b: 1.0, colorSpace: ColorSpace {}}, secondaryContainer: Color {a: 1.0, r: 1.0, g: 0.5411764705882353, b:
0.5019607843137255, colorSpace: ColorSpace {}}, onSecondaryContainer: Color {a: 1.0, r: 1.0, g: 0.3215686274509804, b:
0.3215686274509804, colorSpace: ColorSpace {}}, tertiary: Color {a: 1.0, r: 0.3058823529411765, g: 0.803921568627451, b:
0.7686274509803922, colorSpace: ColorSpace {}}, onTertiary: Color {a: 1.0, r: 1.0, g: 1.0, b: 1.0, colorSpace:
ColorSpace {}}, tertiaryContainer: Color {a: 1.0, r: 0.5019607843137255, g: 0.8705882352941177, b: 0.9176470588235294,
colorSpace: ColorSpace {}}, onTertiaryContainer: Color {a: 1.0, r: 0.27058823529411763, g: 0.7176470588235294, b:
0.6862745098039216, colorSpace: ColorSpace {}}, background: Color {a: 1.0, r: 0.9803921568627451, g: 0.9803921568627451,
b: 0.9803921568627451, colorSpace: ColorSpace {}}, onBackground: Color {a: 1.0, r: 0.10196078431372549, g:
0.10196078431372549, b: 0.10196078431372549, colorSpace: ColorSpace {}}, surface: Color {a: 1.0, r: 1.0, g: 1.0, b: 1.0,
colorSpace: ColorSpace {}}, onSurface: Color {a: 1.0, r: 0.10196078431372549, g: 0.10196078431372549, b:
0.10196078431372549, colorSpace: ColorSpace {}}, surfaceVariant: Color {a: 1.0, r: 0.9607843137254902, g:
0.9607843137254902, b: 0.9607843137254902, colorSpace: ColorSpace {}}, onSurfaceVariant: Color {a: 1.0, r:
0.4588235294117647, g: 0.4588235294117647, b: 0.4588235294117647, colorSpace: ColorSpace {}}, outline: Color {a: 1.0, r:
0.8784313725490196, g: 0.8784313725490196, b: 0.8784313725490196, colorSpace: ColorSpace {}}, shadowColor: Color {a:
1.0, r: 0.0, g: 0.0, b: 0.0, colorSpace: ColorSpace {}}}' in a constant expression.
 - 'AppColorTokens' is from 'package:teen_talk_app/src/core/theme/design_tokens.dart'
 ('lib/src/core/theme/design_tokens.dart').
 - 'Brightness' is from 'dart:ui'.
 - 'Color' is from 'dart:ui'.
 - 'ColorSpace' is from 'dart:ui'.
  static const Color lightOnSecondary = AppColorTokens.light.onSecondary;
                                                             ^
lib/src/core/theme/design_tokens.dart:512:22: Context: While analyzing:
  static const Color lightOnSecondary = AppColorTokens.light.onSecondary;
                     ^
lib/src/core/theme/design_tokens.dart:513:63: Error: Constant evaluation error:
  static const Color lightOnBackground = AppColorTokens.light.onBackground;
                                                              ^
lib/src/core/theme/design_tokens.dart:513:63: Context: The property 'onBackground' can't be accessed on 'AppColorTokens
{brightness: Brightness {}, primary: Color {a: 1.0, r: 0.0, g: 0.0, b: 0.0, colorSpace: ColorSpace {}}, onPrimary: Color
{a: 1.0, r: 1.0, g: 1.0, b: 1.0, colorSpace: ColorSpace {}}, primaryContainer: Color {a: 1.0, r: 0.2901960784313726, g:
0.2901960784313726, b: 0.2901960784313726, colorSpace: ColorSpace {}}, onPrimaryContainer: Color {a: 1.0, r:
0.10196078431372549, g: 0.10196078431372549, b: 0.10196078431372549, colorSpace: ColorSpace {}}, secondary: Color {a:
1.0, r: 1.0, g: 0.4196078431372549, b: 0.4196078431372549, colorSpace: ColorSpace {}}, onSecondary: Color {a: 1.0, r:
1.0, g: 1.0, b: 1.0, colorSpace: ColorSpace {}}, secondaryContainer: Color {a: 1.0, r: 1.0, g: 0.5411764705882353, b:
0.5019607843137255, colorSpace: ColorSpace {}}, onSecondaryContainer: Color {a: 1.0, r: 1.0, g: 0.3215686274509804, b:
0.3215686274509804, colorSpace: ColorSpace {}}, tertiary: Color {a: 1.0, r: 0.3058823529411765, g: 0.803921568627451, b:
0.7686274509803922, colorSpace: ColorSpace {}}, onTertiary: Color {a: 1.0, r: 1.0, g: 1.0, b: 1.0, colorSpace:
ColorSpace {}}, tertiaryContainer: Color {a: 1.0, r: 0.5019607843137255, g: 0.8705882352941177, b: 0.9176470588235294,
colorSpace: ColorSpace {}}, onTertiaryContainer: Color {a: 1.0, r: 0.27058823529411763, g: 0.7176470588235294, b:
0.6862745098039216, colorSpace: ColorSpace {}}, background: Color {a: 1.0, r: 0.9803921568627451, g: 0.9803921568627451,
b: 0.9803921568627451, colorSpace: ColorSpace {}}, onBackground: Color {a: 1.0, r: 0.10196078431372549, g:
0.10196078431372549, b: 0.10196078431372549, colorSpace: ColorSpace {}}, surface: Color {a: 1.0, r: 1.0, g: 1.0, b: 1.0,
colorSpace: ColorSpace {}}, onSurface: Color {a: 1.0, r: 0.10196078431372549, g: 0.10196078431372549, b:
0.10196078431372549, colorSpace: ColorSpace {}}, surfaceVariant: Color {a: 1.0, r: 0.9607843137254902, g:
0.9607843137254902, b: 0.9607843137254902, colorSpace: ColorSpace {}}, onSurfaceVariant: Color {a: 1.0, r:
0.4588235294117647, g: 0.4588235294117647, b: 0.4588235294117647, colorSpace: ColorSpace {}}, outline: Color {a: 1.0, r:
0.8784313725490196, g: 0.8784313725490196, b: 0.8784313725490196, colorSpace: ColorSpace {}}, shadowColor: Color {a:
1.0, r: 0.0, g: 0.0, b: 0.0, colorSpace: ColorSpace {}}}' in a constant expression.
 - 'AppColorTokens' is from 'package:teen_talk_app/src/core/theme/design_tokens.dart'
 ('lib/src/core/theme/design_tokens.dart').
 - 'Brightness' is from 'dart:ui'.
 - 'Color' is from 'dart:ui'.
 - 'ColorSpace' is from 'dart:ui'.
  static const Color lightOnBackground = AppColorTokens.light.onBackground;
                                                              ^
lib/src/core/theme/design_tokens.dart:513:22: Context: While analyzing:
  static const Color lightOnBackground = AppColorTokens.light.onBackground;
                     ^
lib/src/core/theme/design_tokens.dart:514:60: Error: Constant evaluation error:
  static const Color lightOnSurface = AppColorTokens.light.onSurface;
                                                           ^
lib/src/core/theme/design_tokens.dart:514:60: Context: The property 'onSurface' can't be accessed on 'AppColorTokens
{brightness: Brightness {}, primary: Color {a: 1.0, r: 0.0, g: 0.0, b: 0.0, colorSpace: ColorSpace {}}, onPrimary: Color
{a: 1.0, r: 1.0, g: 1.0, b: 1.0, colorSpace: ColorSpace {}}, primaryContainer: Color {a: 1.0, r: 0.2901960784313726, g:
0.2901960784313726, b: 0.2901960784313726, colorSpace: ColorSpace {}}, onPrimaryContainer: Color {a: 1.0, r:
0.10196078431372549, g: 0.10196078431372549, b: 0.10196078431372549, colorSpace: ColorSpace {}}, secondary: Color {a:
1.0, r: 1.0, g: 0.4196078431372549, b: 0.4196078431372549, colorSpace: ColorSpace {}}, onSecondary: Color {a: 1.0, r:
1.0, g: 1.0, b: 1.0, colorSpace: ColorSpace {}}, secondaryContainer: Color {a: 1.0, r: 1.0, g: 0.5411764705882353, b:
0.5019607843137255, colorSpace: ColorSpace {}}, onSecondaryContainer: Color {a: 1.0, r: 1.0, g: 0.3215686274509804, b:
0.3215686274509804, colorSpace: ColorSpace {}}, tertiary: Color {a: 1.0, r: 0.3058823529411765, g: 0.803921568627451, b:
0.7686274509803922, colorSpace: ColorSpace {}}, onTertiary: Color {a: 1.0, r: 1.0, g: 1.0, b: 1.0, colorSpace:
ColorSpace {}}, tertiaryContainer: Color {a: 1.0, r: 0.5019607843137255, g: 0.8705882352941177, b: 0.9176470588235294,
colorSpace: ColorSpace {}}, onTertiaryContainer: Color {a: 1.0, r: 0.27058823529411763, g: 0.7176470588235294, b:
0.6862745098039216, colorSpace: ColorSpace {}}, background: Color {a: 1.0, r: 0.9803921568627451, g: 0.9803921568627451,
b: 0.9803921568627451, colorSpace: ColorSpace {}}, onBackground: Color {a: 1.0, r: 0.10196078431372549, g:
0.10196078431372549, b: 0.10196078431372549, colorSpace: ColorSpace {}}, surface: Color {a: 1.0, r: 1.0, g: 1.0, b: 1.0,
colorSpace: ColorSpace {}}, onSurface: Color {a: 1.0, r: 0.10196078431372549, g: 0.10196078431372549, b:
0.10196078431372549, colorSpace: ColorSpace {}}, surfaceVariant: Color {a: 1.0, r: 0.9607843137254902, g:
0.9607843137254902, b: 0.9607843137254902, colorSpace: ColorSpace {}}, onSurfaceVariant: Color {a: 1.0, r:
0.4588235294117647, g: 0.4588235294117647, b: 0.4588235294117647, colorSpace: ColorSpace {}}, outline: Color {a: 1.0, r:
0.8784313725490196, g: 0.8784313725490196, b: 0.8784313725490196, colorSpace: ColorSpace {}}, shadowColor: Color {a:
1.0, r: 0.0, g: 0.0, b: 0.0, colorSpace: ColorSpace {}}}' in a constant expression.
 - 'AppColorTokens' is from 'package:teen_talk_app/src/core/theme/design_tokens.dart'
 ('lib/src/core/theme/design_tokens.dart').
 - 'Brightness' is from 'dart:ui'.
 - 'Color' is from 'dart:ui'.
 - 'ColorSpace' is from 'dart:ui'.
  static const Color lightOnSurface = AppColorTokens.light.onSurface;
                                                           ^
lib/src/core/theme/design_tokens.dart:514:22: Context: While analyzing:
  static const Color lightOnSurface = AppColorTokens.light.onSurface;
                     ^
lib/src/core/theme/design_tokens.dart:515:67: Error: Constant evaluation error:
  static const Color lightOnSurfaceVariant = AppColorTokens.light.onSurfaceVariant;
                                                                  ^
lib/src/core/theme/design_tokens.dart:515:67: Context: The property 'onSurfaceVariant' can't be accessed on
'AppColorTokens {brightness: Brightness {}, primary: Color {a: 1.0, r: 0.0, g: 0.0, b: 0.0, colorSpace: ColorSpace {}},
onPrimary: Color {a: 1.0, r: 1.0, g: 1.0, b: 1.0, colorSpace: ColorSpace {}}, primaryContainer: Color {a: 1.0, r:
0.2901960784313726, g: 0.2901960784313726, b: 0.2901960784313726, colorSpace: ColorSpace {}}, onPrimaryContainer: Color
{a: 1.0, r: 0.10196078431372549, g: 0.10196078431372549, b: 0.10196078431372549, colorSpace: ColorSpace {}}, secondary:
Color {a: 1.0, r: 1.0, g: 0.4196078431372549, b: 0.4196078431372549, colorSpace: ColorSpace {}}, onSecondary: Color {a:
1.0, r: 1.0, g: 1.0, b: 1.0, colorSpace: ColorSpace {}}, secondaryContainer: Color {a: 1.0, r: 1.0, g:
0.5411764705882353, b: 0.5019607843137255, colorSpace: ColorSpace {}}, onSecondaryContainer: Color {a: 1.0, r: 1.0, g:
0.3215686274509804, b: 0.3215686274509804, colorSpace: ColorSpace {}}, tertiary: Color {a: 1.0, r: 0.3058823529411765,
g: 0.803921568627451, b: 0.7686274509803922, colorSpace: ColorSpace {}}, onTertiary: Color {a: 1.0, r: 1.0, g: 1.0, b:
1.0, colorSpace: ColorSpace {}}, tertiaryContainer: Color {a: 1.0, r: 0.5019607843137255, g: 0.8705882352941177, b:
0.9176470588235294, colorSpace: ColorSpace {}}, onTertiaryContainer: Color {a: 1.0, r: 0.27058823529411763, g:
0.7176470588235294, b: 0.6862745098039216, colorSpace: ColorSpace {}}, background: Color {a: 1.0, r: 0.9803921568627451,
g: 0.9803921568627451, b: 0.9803921568627451, colorSpace: ColorSpace {}}, onBackground: Color {a: 1.0, r:
0.10196078431372549, g: 0.10196078431372549, b: 0.10196078431372549, colorSpace: ColorSpace {}}, surface: Color {a: 1.0,
r: 1.0, g: 1.0, b: 1.0, colorSpace: ColorSpace {}}, onSurface: Color {a: 1.0, r: 0.10196078431372549, g:
0.10196078431372549, b: 0.10196078431372549, colorSpace: ColorSpace {}}, surfaceVariant: Color {a: 1.0, r:
0.9607843137254902, g: 0.9607843137254902, b: 0.9607843137254902, colorSpace: ColorSpace {}}, onSurfaceVariant: Color
{a: 1.0, r: 0.4588235294117647, g: 0.4588235294117647, b: 0.4588235294117647, colorSpace: ColorSpace {}}, outline: Color
{a: 1.0, r: 0.8784313725490196, g: 0.8784313725490196, b: 0.8784313725490196, colorSpace: ColorSpace {}}, shadowColor:
Color {a: 1.0, r: 0.0, g: 0.0, b: 0.0, colorSpace: ColorSpace {}}}' in a constant expression.
 - 'AppColorTokens' is from 'package:teen_talk_app/src/core/theme/design_tokens.dart'
 ('lib/src/core/theme/design_tokens.dart').
 - 'Brightness' is from 'dart:ui'.
 - 'Color' is from 'dart:ui'.
 - 'ColorSpace' is from 'dart:ui'.
  static const Color lightOnSurfaceVariant = AppColorTokens.light.onSurfaceVariant;
                                                                  ^
lib/src/core/theme/design_tokens.dart:515:22: Context: While analyzing:
  static const Color lightOnSurfaceVariant = AppColorTokens.light.onSurfaceVariant;
                     ^
lib/src/core/theme/design_tokens.dart:517:59: Error: Constant evaluation error:
  static const Color darkBackground = AppColorTokens.dark.background;
                                                          ^
lib/src/core/theme/design_tokens.dart:517:59: Context: The property 'background' can't be accessed on 'AppColorTokens
{brightness: Brightness {}, primary: Color {a: 1.0, r: 0.0, g: 0.0, b: 0.0, colorSpace: ColorSpace {}}, onPrimary: Color
{a: 1.0, r: 1.0, g: 1.0, b: 1.0, colorSpace: ColorSpace {}}, primaryContainer: Color {a: 1.0, r: 0.10196078431372549, g:
0.10196078431372549, b: 0.10196078431372549, colorSpace: ColorSpace {}}, onPrimaryContainer: Color {a: 1.0, r:
0.2901960784313726, g: 0.2901960784313726, b: 0.2901960784313726, colorSpace: ColorSpace {}}, secondary: Color {a: 1.0,
r: 1.0, g: 0.4196078431372549, b: 0.4196078431372549, colorSpace: ColorSpace {}}, onSecondary: Color {a: 1.0, r: 1.0, g:
1.0, b: 1.0, colorSpace: ColorSpace {}}, secondaryContainer: Color {a: 1.0, r: 1.0, g: 0.3215686274509804, b:
0.3215686274509804, colorSpace: ColorSpace {}}, onSecondaryContainer: Color {a: 1.0, r: 1.0, g: 0.5411764705882353, b:
0.5019607843137255, colorSpace: ColorSpace {}}, tertiary: Color {a: 1.0, r: 0.3058823529411765, g: 0.803921568627451, b:
0.7686274509803922, colorSpace: ColorSpace {}}, onTertiary: Color {a: 1.0, r: 1.0, g: 1.0, b: 1.0, colorSpace:
ColorSpace {}}, tertiaryContainer: Color {a: 1.0, r: 0.27058823529411763, g: 0.7176470588235294, b: 0.6862745098039216,
colorSpace: ColorSpace {}}, onTertiaryContainer: Color {a: 1.0, r: 0.5019607843137255, g: 0.8705882352941177, b:
0.9176470588235294, colorSpace: ColorSpace {}}, background: Color {a: 1.0, r: 0.0, g: 0.0, b: 0.0, colorSpace:
ColorSpace {}}, onBackground: Color {a: 1.0, r: 0.9607843137254902, g: 0.9607843137254902, b: 0.9607843137254902,
colorSpace: ColorSpace {}}, surface: Color {a: 1.0, r: 0.0392156862745098, g: 0.0392156862745098, b: 0.0392156862745098,
colorSpace: ColorSpace {}}, onSurface: Color {a: 1.0, r: 0.9607843137254902, g: 0.9607843137254902, b:
0.9607843137254902, colorSpace: ColorSpace {}}, surfaceVariant: Color {a: 1.0, r: 0.10196078431372549, g:
0.10196078431372549, b: 0.10196078431372549, colorSpace: ColorSpace {}}, onSurfaceVariant: Color {a: 1.0, r:
0.6196078431372549, g: 0.6196078431372549, b: 0.6196078431372549, colorSpace: ColorSpace {}}, outline: Color {a: 1.0, r:
0.16470588235294117, g: 0.16470588235294117, b: 0.16470588235294117, colorSpace: ColorSpace {}}, shadowColor: Color {a:
1.0, r: 0.0, g: 0.0, b: 0.0, colorSpace: ColorSpace {}}}' in a constant expression.
 - 'AppColorTokens' is from 'package:teen_talk_app/src/core/theme/design_tokens.dart'
 ('lib/src/core/theme/design_tokens.dart').
 - 'Brightness' is from 'dart:ui'.
 - 'Color' is from 'dart:ui'.
 - 'ColorSpace' is from 'dart:ui'.
  static const Color darkBackground = AppColorTokens.dark.background;
                                                          ^
lib/src/core/theme/design_tokens.dart:517:22: Context: While analyzing:
  static const Color darkBackground = AppColorTokens.dark.background;
                     ^
lib/src/core/theme/design_tokens.dart:518:56: Error: Constant evaluation error:
  static const Color darkSurface = AppColorTokens.dark.surface;
                                                       ^
lib/src/core/theme/design_tokens.dart:518:56: Context: The property 'surface' can't be accessed on 'AppColorTokens
{brightness: Brightness {}, primary: Color {a: 1.0, r: 0.0, g: 0.0, b: 0.0, colorSpace: ColorSpace {}}, onPrimary: Color
{a: 1.0, r: 1.0, g: 1.0, b: 1.0, colorSpace: ColorSpace {}}, primaryContainer: Color {a: 1.0, r: 0.10196078431372549, g:
0.10196078431372549, b: 0.10196078431372549, colorSpace: ColorSpace {}}, onPrimaryContainer: Color {a: 1.0, r:
0.2901960784313726, g: 0.2901960784313726, b: 0.2901960784313726, colorSpace: ColorSpace {}}, secondary: Color {a: 1.0,
r: 1.0, g: 0.4196078431372549, b: 0.4196078431372549, colorSpace: ColorSpace {}}, onSecondary: Color {a: 1.0, r: 1.0, g:
1.0, b: 1.0, colorSpace: ColorSpace {}}, secondaryContainer: Color {a: 1.0, r: 1.0, g: 0.3215686274509804, b:
0.3215686274509804, colorSpace: ColorSpace {}}, onSecondaryContainer: Color {a: 1.0, r: 1.0, g: 0.5411764705882353, b:
0.5019607843137255, colorSpace: ColorSpace {}}, tertiary: Color {a: 1.0, r: 0.3058823529411765, g: 0.803921568627451, b:
0.7686274509803922, colorSpace: ColorSpace {}}, onTertiary: Color {a: 1.0, r: 1.0, g: 1.0, b: 1.0, colorSpace:
ColorSpace {}}, tertiaryContainer: Color {a: 1.0, r: 0.27058823529411763, g: 0.7176470588235294, b: 0.6862745098039216,
colorSpace: ColorSpace {}}, onTertiaryContainer: Color {a: 1.0, r: 0.5019607843137255, g: 0.8705882352941177, b:
0.9176470588235294, colorSpace: ColorSpace {}}, background: Color {a: 1.0, r: 0.0, g: 0.0, b: 0.0, colorSpace:
ColorSpace {}}, onBackground: Color {a: 1.0, r: 0.9607843137254902, g: 0.9607843137254902, b: 0.9607843137254902,
colorSpace: ColorSpace {}}, surface: Color {a: 1.0, r: 0.0392156862745098, g: 0.0392156862745098, b: 0.0392156862745098,
colorSpace: ColorSpace {}}, onSurface: Color {a: 1.0, r: 0.9607843137254902, g: 0.9607843137254902, b:
0.9607843137254902, colorSpace: ColorSpace {}}, surfaceVariant: Color {a: 1.0, r: 0.10196078431372549, g:
0.10196078431372549, b: 0.10196078431372549, colorSpace: ColorSpace {}}, onSurfaceVariant: Color {a: 1.0, r:
0.6196078431372549, g: 0.6196078431372549, b: 0.6196078431372549, colorSpace: ColorSpace {}}, outline: Color {a: 1.0, r:
0.16470588235294117, g: 0.16470588235294117, b: 0.16470588235294117, colorSpace: ColorSpace {}}, shadowColor: Color {a:
1.0, r: 0.0, g: 0.0, b: 0.0, colorSpace: ColorSpace {}}}' in a constant expression.
 - 'AppColorTokens' is from 'package:teen_talk_app/src/core/theme/design_tokens.dart'
 ('lib/src/core/theme/design_tokens.dart').
 - 'Brightness' is from 'dart:ui'.
 - 'Color' is from 'dart:ui'.
 - 'ColorSpace' is from 'dart:ui'.
  static const Color darkSurface = AppColorTokens.dark.surface;
                                                       ^
lib/src/core/theme/design_tokens.dart:518:22: Context: While analyzing:
  static const Color darkSurface = AppColorTokens.dark.surface;
                     ^
lib/src/core/theme/design_tokens.dart:519:63: Error: Constant evaluation error:
  static const Color darkSurfaceVariant = AppColorTokens.dark.surfaceVariant;
                                                              ^
lib/src/core/theme/design_tokens.dart:519:63: Context: The property 'surfaceVariant' can't be accessed on
'AppColorTokens {brightness: Brightness {}, primary: Color {a: 1.0, r: 0.0, g: 0.0, b: 0.0, colorSpace: ColorSpace {}},
onPrimary: Color {a: 1.0, r: 1.0, g: 1.0, b: 1.0, colorSpace: ColorSpace {}}, primaryContainer: Color {a: 1.0, r:
0.10196078431372549, g: 0.10196078431372549, b: 0.10196078431372549, colorSpace: ColorSpace {}}, onPrimaryContainer:
Color {a: 1.0, r: 0.2901960784313726, g: 0.2901960784313726, b: 0.2901960784313726, colorSpace: ColorSpace {}},
secondary: Color {a: 1.0, r: 1.0, g: 0.4196078431372549, b: 0.4196078431372549, colorSpace: ColorSpace {}}, onSecondary:
Color {a: 1.0, r: 1.0, g: 1.0, b: 1.0, colorSpace: ColorSpace {}}, secondaryContainer: Color {a: 1.0, r: 1.0, g:
0.3215686274509804, b: 0.3215686274509804, colorSpace: ColorSpace {}}, onSecondaryContainer: Color {a: 1.0, r: 1.0, g:
0.5411764705882353, b: 0.5019607843137255, colorSpace: ColorSpace {}}, tertiary: Color {a: 1.0, r: 0.3058823529411765,
g: 0.803921568627451, b: 0.7686274509803922, colorSpace: ColorSpace {}}, onTertiary: Color {a: 1.0, r: 1.0, g: 1.0, b:
1.0, colorSpace: ColorSpace {}}, tertiaryContainer: Color {a: 1.0, r: 0.27058823529411763, g: 0.7176470588235294, b:
0.6862745098039216, colorSpace: ColorSpace {}}, onTertiaryContainer: Color {a: 1.0, r: 0.5019607843137255, g:
0.8705882352941177, b: 0.9176470588235294, colorSpace: ColorSpace {}}, background: Color {a: 1.0, r: 0.0, g: 0.0, b:
0.0, colorSpace: ColorSpace {}}, onBackground: Color {a: 1.0, r: 0.9607843137254902, g: 0.9607843137254902, b:
0.9607843137254902, colorSpace: ColorSpace {}}, surface: Color {a: 1.0, r: 0.0392156862745098, g: 0.0392156862745098, b:
0.0392156862745098, colorSpace: ColorSpace {}}, onSurface: Color {a: 1.0, r: 0.9607843137254902, g: 0.9607843137254902,
b: 0.9607843137254902, colorSpace: ColorSpace {}}, surfaceVariant: Color {a: 1.0, r: 0.10196078431372549, g:
0.10196078431372549, b: 0.10196078431372549, colorSpace: ColorSpace {}}, onSurfaceVariant: Color {a: 1.0, r:
0.6196078431372549, g: 0.6196078431372549, b: 0.6196078431372549, colorSpace: ColorSpace {}}, outline: Color {a: 1.0, r:
0.16470588235294117, g: 0.16470588235294117, b: 0.16470588235294117, colorSpace: ColorSpace {}}, shadowColor: Color {a:
1.0, r: 0.0, g: 0.0, b: 0.0, colorSpace: ColorSpace {}}}' in a constant expression.
 - 'AppColorTokens' is from 'package:teen_talk_app/src/core/theme/design_tokens.dart'
 ('lib/src/core/theme/design_tokens.dart').
 - 'Brightness' is from 'dart:ui'.
 - 'Color' is from 'dart:ui'.
 - 'ColorSpace' is from 'dart:ui'.
  static const Color darkSurfaceVariant = AppColorTokens.dark.surfaceVariant;
                                                              ^
lib/src/core/theme/design_tokens.dart:519:22: Context: While analyzing:
  static const Color darkSurfaceVariant = AppColorTokens.dark.surfaceVariant;
                     ^
lib/src/core/theme/design_tokens.dart:520:56: Error: Constant evaluation error:
  static const Color darkOutline = AppColorTokens.dark.outline;
                                                       ^
lib/src/core/theme/design_tokens.dart:520:56: Context: The property 'outline' can't be accessed on 'AppColorTokens
{brightness: Brightness {}, primary: Color {a: 1.0, r: 0.0, g: 0.0, b: 0.0, colorSpace: ColorSpace {}}, onPrimary: Color
{a: 1.0, r: 1.0, g: 1.0, b: 1.0, colorSpace: ColorSpace {}}, primaryContainer: Color {a: 1.0, r: 0.10196078431372549, g:
0.10196078431372549, b: 0.10196078431372549, colorSpace: ColorSpace {}}, onPrimaryContainer: Color {a: 1.0, r:
0.2901960784313726, g: 0.2901960784313726, b: 0.2901960784313726, colorSpace: ColorSpace {}}, secondary: Color {a: 1.0,
r: 1.0, g: 0.4196078431372549, b: 0.4196078431372549, colorSpace: ColorSpace {}}, onSecondary: Color {a: 1.0, r: 1.0, g:
1.0, b: 1.0, colorSpace: ColorSpace {}}, secondaryContainer: Color {a: 1.0, r: 1.0, g: 0.3215686274509804, b:
0.3215686274509804, colorSpace: ColorSpace {}}, onSecondaryContainer: Color {a: 1.0, r: 1.0, g: 0.5411764705882353, b:
0.5019607843137255, colorSpace: ColorSpace {}}, tertiary: Color {a: 1.0, r: 0.3058823529411765, g: 0.803921568627451, b:
0.7686274509803922, colorSpace: ColorSpace {}}, onTertiary: Color {a: 1.0, r: 1.0, g: 1.0, b: 1.0, colorSpace:
ColorSpace {}}, tertiaryContainer: Color {a: 1.0, r: 0.27058823529411763, g: 0.7176470588235294, b: 0.6862745098039216,
colorSpace: ColorSpace {}}, onTertiaryContainer: Color {a: 1.0, r: 0.5019607843137255, g: 0.8705882352941177, b:
0.9176470588235294, colorSpace: ColorSpace {}}, background: Color {a: 1.0, r: 0.0, g: 0.0, b: 0.0, colorSpace:
ColorSpace {}}, onBackground: Color {a: 1.0, r: 0.9607843137254902, g: 0.9607843137254902, b: 0.9607843137254902,
colorSpace: ColorSpace {}}, surface: Color {a: 1.0, r: 0.0392156862745098, g: 0.0392156862745098, b: 0.0392156862745098,
colorSpace: ColorSpace {}}, onSurface: Color {a: 1.0, r: 0.9607843137254902, g: 0.9607843137254902, b:
0.9607843137254902, colorSpace: ColorSpace {}}, surfaceVariant: Color {a: 1.0, r: 0.10196078431372549, g:
0.10196078431372549, b: 0.10196078431372549, colorSpace: ColorSpace {}}, onSurfaceVariant: Color {a: 1.0, r:
0.6196078431372549, g: 0.6196078431372549, b: 0.6196078431372549, colorSpace: ColorSpace {}}, outline: Color {a: 1.0, r:
0.16470588235294117, g: 0.16470588235294117, b: 0.16470588235294117, colorSpace: ColorSpace {}}, shadowColor: Color {a:
1.0, r: 0.0, g: 0.0, b: 0.0, colorSpace: ColorSpace {}}}' in a constant expression.
 - 'AppColorTokens' is from 'package:teen_talk_app/src/core/theme/design_tokens.dart'
 ('lib/src/core/theme/design_tokens.dart').
 - 'Brightness' is from 'dart:ui'.
 - 'Color' is from 'dart:ui'.
 - 'ColorSpace' is from 'dart:ui'.
  static const Color darkOutline = AppColorTokens.dark.outline;
                                                       ^
lib/src/core/theme/design_tokens.dart:520:22: Context: While analyzing:
  static const Color darkOutline = AppColorTokens.dark.outline;
                     ^
lib/src/core/theme/design_tokens.dart:521:58: Error: Constant evaluation error:
  static const Color darkOnPrimary = AppColorTokens.dark.onPrimary;
                                                         ^
lib/src/core/theme/design_tokens.dart:521:58: Context: The property 'onPrimary' can't be accessed on 'AppColorTokens
{brightness: Brightness {}, primary: Color {a: 1.0, r: 0.0, g: 0.0, b: 0.0, colorSpace: ColorSpace {}}, onPrimary: Color
{a: 1.0, r: 1.0, g: 1.0, b: 1.0, colorSpace: ColorSpace {}}, primaryContainer: Color {a: 1.0, r: 0.10196078431372549, g:
0.10196078431372549, b: 0.10196078431372549, colorSpace: ColorSpace {}}, onPrimaryContainer: Color {a: 1.0, r:
0.2901960784313726, g: 0.2901960784313726, b: 0.2901960784313726, colorSpace: ColorSpace {}}, secondary: Color {a: 1.0,
r: 1.0, g: 0.4196078431372549, b: 0.4196078431372549, colorSpace: ColorSpace {}}, onSecondary: Color {a: 1.0, r: 1.0, g:
1.0, b: 1.0, colorSpace: ColorSpace {}}, secondaryContainer: Color {a: 1.0, r: 1.0, g: 0.3215686274509804, b:
0.3215686274509804, colorSpace: ColorSpace {}}, onSecondaryContainer: Color {a: 1.0, r: 1.0, g: 0.5411764705882353, b:
0.5019607843137255, colorSpace: ColorSpace {}}, tertiary: Color {a: 1.0, r: 0.3058823529411765, g: 0.803921568627451, b:
0.7686274509803922, colorSpace: ColorSpace {}}, onTertiary: Color {a: 1.0, r: 1.0, g: 1.0, b: 1.0, colorSpace:
ColorSpace {}}, tertiaryContainer: Color {a: 1.0, r: 0.27058823529411763, g: 0.7176470588235294, b: 0.6862745098039216,
colorSpace: ColorSpace {}}, onTertiaryContainer: Color {a: 1.0, r: 0.5019607843137255, g: 0.8705882352941177, b:
0.9176470588235294, colorSpace: ColorSpace {}}, background: Color {a: 1.0, r: 0.0, g: 0.0, b: 0.0, colorSpace:
ColorSpace {}}, onBackground: Color {a: 1.0, r: 0.9607843137254902, g: 0.9607843137254902, b: 0.9607843137254902,
colorSpace: ColorSpace {}}, surface: Color {a: 1.0, r: 0.0392156862745098, g: 0.0392156862745098, b: 0.0392156862745098,
colorSpace: ColorSpace {}}, onSurface: Color {a: 1.0, r: 0.9607843137254902, g: 0.9607843137254902, b:
0.9607843137254902, colorSpace: ColorSpace {}}, surfaceVariant: Color {a: 1.0, r: 0.10196078431372549, g:
0.10196078431372549, b: 0.10196078431372549, colorSpace: ColorSpace {}}, onSurfaceVariant: Color {a: 1.0, r:
0.6196078431372549, g: 0.6196078431372549, b: 0.6196078431372549, colorSpace: ColorSpace {}}, outline: Color {a: 1.0, r:
0.16470588235294117, g: 0.16470588235294117, b: 0.16470588235294117, colorSpace: ColorSpace {}}, shadowColor: Color {a:
1.0, r: 0.0, g: 0.0, b: 0.0, colorSpace: ColorSpace {}}}' in a constant expression.
 - 'AppColorTokens' is from 'package:teen_talk_app/src/core/theme/design_tokens.dart'
 ('lib/src/core/theme/design_tokens.dart').
 - 'Brightness' is from 'dart:ui'.
 - 'Color' is from 'dart:ui'.
 - 'ColorSpace' is from 'dart:ui'.
  static const Color darkOnPrimary = AppColorTokens.dark.onPrimary;
                                                         ^
lib/src/core/theme/design_tokens.dart:521:22: Context: While analyzing:
  static const Color darkOnPrimary = AppColorTokens.dark.onPrimary;
                     ^
lib/src/core/theme/design_tokens.dart:522:60: Error: Constant evaluation error:
  static const Color darkOnSecondary = AppColorTokens.dark.onSecondary;
                                                           ^
lib/src/core/theme/design_tokens.dart:522:60: Context: The property 'onSecondary' can't be accessed on 'AppColorTokens
{brightness: Brightness {}, primary: Color {a: 1.0, r: 0.0, g: 0.0, b: 0.0, colorSpace: ColorSpace {}}, onPrimary: Color
{a: 1.0, r: 1.0, g: 1.0, b: 1.0, colorSpace: ColorSpace {}}, primaryContainer: Color {a: 1.0, r: 0.10196078431372549, g:
0.10196078431372549, b: 0.10196078431372549, colorSpace: ColorSpace {}}, onPrimaryContainer: Color {a: 1.0, r:
0.2901960784313726, g: 0.2901960784313726, b: 0.2901960784313726, colorSpace: ColorSpace {}}, secondary: Color {a: 1.0,
r: 1.0, g: 0.4196078431372549, b: 0.4196078431372549, colorSpace: ColorSpace {}}, onSecondary: Color {a: 1.0, r: 1.0, g:
1.0, b: 1.0, colorSpace: ColorSpace {}}, secondaryContainer: Color {a: 1.0, r: 1.0, g: 0.3215686274509804, b:
0.3215686274509804, colorSpace: ColorSpace {}}, onSecondaryContainer: Color {a: 1.0, r: 1.0, g: 0.5411764705882353, b:
0.5019607843137255, colorSpace: ColorSpace {}}, tertiary: Color {a: 1.0, r: 0.3058823529411765, g: 0.803921568627451, b:
0.7686274509803922, colorSpace: ColorSpace {}}, onTertiary: Color {a: 1.0, r: 1.0, g: 1.0, b: 1.0, colorSpace:
ColorSpace {}}, tertiaryContainer: Color {a: 1.0, r: 0.27058823529411763, g: 0.7176470588235294, b: 0.6862745098039216,
colorSpace: ColorSpace {}}, onTertiaryContainer: Color {a: 1.0, r: 0.5019607843137255, g: 0.8705882352941177, b:
0.9176470588235294, colorSpace: ColorSpace {}}, background: Color {a: 1.0, r: 0.0, g: 0.0, b: 0.0, colorSpace:
ColorSpace {}}, onBackground: Color {a: 1.0, r: 0.9607843137254902, g: 0.9607843137254902, b: 0.9607843137254902,
colorSpace: ColorSpace {}}, surface: Color {a: 1.0, r: 0.0392156862745098, g: 0.0392156862745098, b: 0.0392156862745098,
colorSpace: ColorSpace {}}, onSurface: Color {a: 1.0, r: 0.9607843137254902, g: 0.9607843137254902, b:
0.9607843137254902, colorSpace: ColorSpace {}}, surfaceVariant: Color {a: 1.0, r: 0.10196078431372549, g:
0.10196078431372549, b: 0.10196078431372549, colorSpace: ColorSpace {}}, onSurfaceVariant: Color {a: 1.0, r:
0.6196078431372549, g: 0.6196078431372549, b: 0.6196078431372549, colorSpace: ColorSpace {}}, outline: Color {a: 1.0, r:
0.16470588235294117, g: 0.16470588235294117, b: 0.16470588235294117, colorSpace: ColorSpace {}}, shadowColor: Color {a:
1.0, r: 0.0, g: 0.0, b: 0.0, colorSpace: ColorSpace {}}}' in a constant expression.
 - 'AppColorTokens' is from 'package:teen_talk_app/src/core/theme/design_tokens.dart'
 ('lib/src/core/theme/design_tokens.dart').
 - 'Brightness' is from 'dart:ui'.
 - 'Color' is from 'dart:ui'.
 - 'ColorSpace' is from 'dart:ui'.
  static const Color darkOnSecondary = AppColorTokens.dark.onSecondary;
                                                           ^
lib/src/core/theme/design_tokens.dart:522:22: Context: While analyzing:
  static const Color darkOnSecondary = AppColorTokens.dark.onSecondary;
                     ^
lib/src/core/theme/design_tokens.dart:523:61: Error: Constant evaluation error:
  static const Color darkOnBackground = AppColorTokens.dark.onBackground;
                                                            ^
lib/src/core/theme/design_tokens.dart:523:61: Context: The property 'onBackground' can't be accessed on 'AppColorTokens
{brightness: Brightness {}, primary: Color {a: 1.0, r: 0.0, g: 0.0, b: 0.0, colorSpace: ColorSpace {}}, onPrimary: Color
{a: 1.0, r: 1.0, g: 1.0, b: 1.0, colorSpace: ColorSpace {}}, primaryContainer: Color {a: 1.0, r: 0.10196078431372549, g:
0.10196078431372549, b: 0.10196078431372549, colorSpace: ColorSpace {}}, onPrimaryContainer: Color {a: 1.0, r:
0.2901960784313726, g: 0.2901960784313726, b: 0.2901960784313726, colorSpace: ColorSpace {}}, secondary: Color {a: 1.0,
r: 1.0, g: 0.4196078431372549, b: 0.4196078431372549, colorSpace: ColorSpace {}}, onSecondary: Color {a: 1.0, r: 1.0, g:
1.0, b: 1.0, colorSpace: ColorSpace {}}, secondaryContainer: Color {a: 1.0, r: 1.0, g: 0.3215686274509804, b:
0.3215686274509804, colorSpace: ColorSpace {}}, onSecondaryContainer: Color {a: 1.0, r: 1.0, g: 0.5411764705882353, b:
0.5019607843137255, colorSpace: ColorSpace {}}, tertiary: Color {a: 1.0, r: 0.3058823529411765, g: 0.803921568627451, b:
0.7686274509803922, colorSpace: ColorSpace {}}, onTertiary: Color {a: 1.0, r: 1.0, g: 1.0, b: 1.0, colorSpace:
ColorSpace {}}, tertiaryContainer: Color {a: 1.0, r: 0.27058823529411763, g: 0.7176470588235294, b: 0.6862745098039216,
colorSpace: ColorSpace {}}, onTertiaryContainer: Color {a: 1.0, r: 0.5019607843137255, g: 0.8705882352941177, b:
0.9176470588235294, colorSpace: ColorSpace {}}, background: Color {a: 1.0, r: 0.0, g: 0.0, b: 0.0, colorSpace:
ColorSpace {}}, onBackground: Color {a: 1.0, r: 0.9607843137254902, g: 0.9607843137254902, b: 0.9607843137254902,
colorSpace: ColorSpace {}}, surface: Color {a: 1.0, r: 0.0392156862745098, g: 0.0392156862745098, b: 0.0392156862745098,
colorSpace: ColorSpace {}}, onSurface: Color {a: 1.0, r: 0.9607843137254902, g: 0.9607843137254902, b:
0.9607843137254902, colorSpace: ColorSpace {}}, surfaceVariant: Color {a: 1.0, r: 0.10196078431372549, g:
0.10196078431372549, b: 0.10196078431372549, colorSpace: ColorSpace {}}, onSurfaceVariant: Color {a: 1.0, r:
0.6196078431372549, g: 0.6196078431372549, b: 0.6196078431372549, colorSpace: ColorSpace {}}, outline: Color {a: 1.0, r:
0.16470588235294117, g: 0.16470588235294117, b: 0.16470588235294117, colorSpace: ColorSpace {}}, shadowColor: Color {a:
1.0, r: 0.0, g: 0.0, b: 0.0, colorSpace: ColorSpace {}}}' in a constant expression.
 - 'AppColorTokens' is from 'package:teen_talk_app/src/core/theme/design_tokens.dart'
 ('lib/src/core/theme/design_tokens.dart').
 - 'Brightness' is from 'dart:ui'.
 - 'Color' is from 'dart:ui'.
 - 'ColorSpace' is from 'dart:ui'.
  static const Color darkOnBackground = AppColorTokens.dark.onBackground;
                                                            ^
lib/src/core/theme/design_tokens.dart:523:22: Context: While analyzing:
  static const Color darkOnBackground = AppColorTokens.dark.onBackground;
                     ^
lib/src/core/theme/design_tokens.dart:524:58: Error: Constant evaluation error:
  static const Color darkOnSurface = AppColorTokens.dark.onSurface;
                                                         ^
lib/src/core/theme/design_tokens.dart:524:58: Context: The property 'onSurface' can't be accessed on 'AppColorTokens
{brightness: Brightness {}, primary: Color {a: 1.0, r: 0.0, g: 0.0, b: 0.0, colorSpace: ColorSpace {}}, onPrimary: Color
{a: 1.0, r: 1.0, g: 1.0, b: 1.0, colorSpace: ColorSpace {}}, primaryContainer: Color {a: 1.0, r: 0.10196078431372549, g:
0.10196078431372549, b: 0.10196078431372549, colorSpace: ColorSpace {}}, onPrimaryContainer: Color {a: 1.0, r:
0.2901960784313726, g: 0.2901960784313726, b: 0.2901960784313726, colorSpace: ColorSpace {}}, secondary: Color {a: 1.0,
r: 1.0, g: 0.4196078431372549, b: 0.4196078431372549, colorSpace: ColorSpace {}}, onSecondary: Color {a: 1.0, r: 1.0, g:
1.0, b: 1.0, colorSpace: ColorSpace {}}, secondaryContainer: Color {a: 1.0, r: 1.0, g: 0.3215686274509804, b:
0.3215686274509804, colorSpace: ColorSpace {}}, onSecondaryContainer: Color {a: 1.0, r: 1.0, g: 0.5411764705882353, b:
0.5019607843137255, colorSpace: ColorSpace {}}, tertiary: Color {a: 1.0, r: 0.3058823529411765, g: 0.803921568627451, b:
0.7686274509803922, colorSpace: ColorSpace {}}, onTertiary: Color {a: 1.0, r: 1.0, g: 1.0, b: 1.0, colorSpace:
ColorSpace {}}, tertiaryContainer: Color {a: 1.0, r: 0.27058823529411763, g: 0.7176470588235294, b: 0.6862745098039216,
colorSpace: ColorSpace {}}, onTertiaryContainer: Color {a: 1.0, r: 0.5019607843137255, g: 0.8705882352941177, b:
0.9176470588235294, colorSpace: ColorSpace {}}, background: Color {a: 1.0, r: 0.0, g: 0.0, b: 0.0, colorSpace:
ColorSpace {}}, onBackground: Color {a: 1.0, r: 0.9607843137254902, g: 0.9607843137254902, b: 0.9607843137254902,
colorSpace: ColorSpace {}}, surface: Color {a: 1.0, r: 0.0392156862745098, g: 0.0392156862745098, b: 0.0392156862745098,
colorSpace: ColorSpace {}}, onSurface: Color {a: 1.0, r: 0.9607843137254902, g: 0.9607843137254902, b:
0.9607843137254902, colorSpace: ColorSpace {}}, surfaceVariant: Color {a: 1.0, r: 0.10196078431372549, g:
0.10196078431372549, b: 0.10196078431372549, colorSpace: ColorSpace {}}, onSurfaceVariant: Color {a: 1.0, r:
0.6196078431372549, g: 0.6196078431372549, b: 0.6196078431372549, colorSpace: ColorSpace {}}, outline: Color {a: 1.0, r:
0.16470588235294117, g: 0.16470588235294117, b: 0.16470588235294117, colorSpace: ColorSpace {}}, shadowColor: Color {a:
1.0, r: 0.0, g: 0.0, b: 0.0, colorSpace: ColorSpace {}}}' in a constant expression.
 - 'AppColorTokens' is from 'package:teen_talk_app/src/core/theme/design_tokens.dart'
 ('lib/src/core/theme/design_tokens.dart').
 - 'Brightness' is from 'dart:ui'.
 - 'Color' is from 'dart:ui'.
 - 'ColorSpace' is from 'dart:ui'.
  static const Color darkOnSurface = AppColorTokens.dark.onSurface;
                                                         ^
lib/src/core/theme/design_tokens.dart:524:22: Context: While analyzing:
  static const Color darkOnSurface = AppColorTokens.dark.onSurface;
                     ^
lib/src/core/theme/design_tokens.dart:525:65: Error: Constant evaluation error:
  static const Color darkOnSurfaceVariant = AppColorTokens.dark.onSurfaceVariant;
                                                                ^
lib/src/core/theme/design_tokens.dart:525:65: Context: The property 'onSurfaceVariant' can't be accessed on
'AppColorTokens {brightness: Brightness {}, primary: Color {a: 1.0, r: 0.0, g: 0.0, b: 0.0, colorSpace: ColorSpace {}},
onPrimary: Color {a: 1.0, r: 1.0, g: 1.0, b: 1.0, colorSpace: ColorSpace {}}, primaryContainer: Color {a: 1.0, r:
0.10196078431372549, g: 0.10196078431372549, b: 0.10196078431372549, colorSpace: ColorSpace {}}, onPrimaryContainer:
Color {a: 1.0, r: 0.2901960784313726, g: 0.2901960784313726, b: 0.2901960784313726, colorSpace: ColorSpace {}},
secondary: Color {a: 1.0, r: 1.0, g: 0.4196078431372549, b: 0.4196078431372549, colorSpace: ColorSpace {}}, onSecondary:
Color {a: 1.0, r: 1.0, g: 1.0, b: 1.0, colorSpace: ColorSpace {}}, secondaryContainer: Color {a: 1.0, r: 1.0, g:
0.3215686274509804, b: 0.3215686274509804, colorSpace: ColorSpace {}}, onSecondaryContainer: Color {a: 1.0, r: 1.0, g:
0.5411764705882353, b: 0.5019607843137255, colorSpace: ColorSpace {}}, tertiary: Color {a: 1.0, r: 0.3058823529411765,
g: 0.803921568627451, b: 0.7686274509803922, colorSpace: ColorSpace {}}, onTertiary: Color {a: 1.0, r: 1.0, g: 1.0, b:
1.0, colorSpace: ColorSpace {}}, tertiaryContainer: Color {a: 1.0, r: 0.27058823529411763, g: 0.7176470588235294, b:
0.6862745098039216, colorSpace: ColorSpace {}}, onTertiaryContainer: Color {a: 1.0, r: 0.5019607843137255, g:
0.8705882352941177, b: 0.9176470588235294, colorSpace: ColorSpace {}}, background: Color {a: 1.0, r: 0.0, g: 0.0, b:
0.0, colorSpace: ColorSpace {}}, onBackground: Color {a: 1.0, r: 0.9607843137254902, g: 0.9607843137254902, b:
0.9607843137254902, colorSpace: ColorSpace {}}, surface: Color {a: 1.0, r: 0.0392156862745098, g: 0.0392156862745098, b:
0.0392156862745098, colorSpace: ColorSpace {}}, onSurface: Color {a: 1.0, r: 0.9607843137254902, g: 0.9607843137254902,
b: 0.9607843137254902, colorSpace: ColorSpace {}}, surfaceVariant: Color {a: 1.0, r: 0.10196078431372549, g:
0.10196078431372549, b: 0.10196078431372549, colorSpace: ColorSpace {}}, onSurfaceVariant: Color {a: 1.0, r:
0.6196078431372549, g: 0.6196078431372549, b: 0.6196078431372549, colorSpace: ColorSpace {}}, outline: Color {a: 1.0, r:
0.16470588235294117, g: 0.16470588235294117, b: 0.16470588235294117, colorSpace: ColorSpace {}}, shadowColor: Color {a:
1.0, r: 0.0, g: 0.0, b: 0.0, colorSpace: ColorSpace {}}}' in a constant expression.
 - 'AppColorTokens' is from 'package:teen_talk_app/src/core/theme/design_tokens.dart'
 ('lib/src/core/theme/design_tokens.dart').
 - 'Brightness' is from 'dart:ui'.
 - 'Color' is from 'dart:ui'.
 - 'ColorSpace' is from 'dart:ui'.
  static const Color darkOnSurfaceVariant = AppColorTokens.dark.onSurfaceVariant;
                                                                ^
lib/src/core/theme/design_tokens.dart:525:22: Context: While analyzing:
  static const Color darkOnSurfaceVariant = AppColorTokens.dark.onSurfaceVariant;
                     ^
Waiting for connection from debug service on Edge...               44,0s
